// Jest Snapshot v1, https://goo.gl/fbAQLP

exports[`test Address snapshot 1`] = `ShallowWrapper {}`;
