// Jest Snapshot v1, https://goo.gl/fbAQLP

exports[`test Checkout snapshot 1`] = `ShallowWrapper {}`;
