// Jest Snapshot v1, https://goo.gl/fbAQLP

exports[`test CheckoutSummary snapshot 1`] = `ShallowWrapper {}`;
