// Jest Snapshot v1, https://goo.gl/fbAQLP

exports[`test PaymentForm snapshot 1`] = `undefined`;
