// Jest Snapshot v1, https://goo.gl/fbAQLP

exports[`snapshot matches and is up to date 1`] = `ShallowWrapper {}`;
